[2025-10-29 08:46:31,428] INFO: Starting predictions - 2025-10-29 08:46:31
[2025-10-29 08:46:31,428] INFO: Using device: cuda
[2025-10-29 08:46:31,428] INFO: Loading model: swinv2_large_window12to16_192to256.ms_in22k_ft_in1k
[2025-10-29 08:46:40,099] INFO: Model loaded from: /projects/retprogression/rgarridogarcia/checkpoints/clean_gradable_swinv2_resolution1024_oversample50_RetinaCropped_BrightnessFilter/best_balanced_acc_model.pth
[2025-10-29 08:46:40,134] INFO: CSV loaded: 5912 rows
[2025-10-29 08:46:40,134] INFO: Columns: ['Unnamed: 0', 'ID', 'STUDY_DATE', 'LATERALITY', 'JVNDME', 'JVNDR', 'gradable_binary_DR', 'gradable_DR']
[2025-10-29 08:46:40,138] INFO: Checking file availability...
[2025-10-29 08:46:40,138] INFO: First 5 IDs from 'ID' column: [605221, 605222, 605223, 605224, 605225]
[2025-10-29 08:46:42,361] INFO: Found 5912 valid images out of 5912 total
[2025-10-29 08:46:42,371] INFO: Class distribution in valid samples:
[2025-10-29 08:46:42,371] INFO:   Class 0: 109 samples (1.8%)
[2025-10-29 08:46:42,371] INFO:   Class 1: 5803 samples (98.2%)
[2025-10-29 08:46:42,373] INFO: Running predictions on 5912 samples...
[2025-10-29 08:46:44,818] ERROR: Error: CUDA out of memory. Tried to allocate 12.00 GiB. GPU 0 has a total capacity of 31.74 GiB of which 9.02 GiB is free. Including non-PyTorch memory, this process has 22.72 GiB memory in use. Of the allocated memory 22.24 GiB is allocated by PyTorch, and 111.57 MiB is reserved by PyTorch but unallocated. If reserved but unallocated memory is large try setting PYTORCH_CUDA_ALLOC_CONF=expandable_segments:True to avoid fragmentation.  See documentation for Memory Management  (https://pytorch.org/docs/stable/notes/cuda.html#environment-variables)
[2025-10-29 08:46:44,833] ERROR: Traceback (most recent call last):
  File "/home/r.garridogarcia/MIGHTE/retprogression/swinV2/RETProgression/results_analysis/validation_inference.py", line 402, in main
    results = run_predictions(
              ^^^^^^^^^^^^^^^^
  File "/home/r.garridogarcia/MIGHTE/retprogression/swinV2/RETProgression/results_analysis/validation_inference.py", line 229, in run_predictions
    outputs = model(inputs)
              ^^^^^^^^^^^^^
  File "/projects/retprogression/pytorch_cu121_env/lib/python3.12/site-packages/torch/nn/modules/module.py", line 1553, in _wrapped_call_impl
    return self._call_impl(*args, **kwargs)
           ^^^^^^^^^^^^^^^^^^^^^^^^^^^^^^^^
  File "/projects/retprogression/pytorch_cu121_env/lib/python3.12/site-packages/torch/nn/modules/module.py", line 1562, in _call_impl
    return forward_call(*args, **kwargs)
           ^^^^^^^^^^^^^^^^^^^^^^^^^^^^^
  File "/projects/retprogression/pytorch_cu121_env/lib/python3.12/site-packages/timm/models/swin_transformer_v2.py", line 849, in forward
    x = self.forward_features(x)
        ^^^^^^^^^^^^^^^^^^^^^^^^
  File "/projects/retprogression/pytorch_cu121_env/lib/python3.12/site-packages/timm/models/swin_transformer_v2.py", line 841, in forward_features
    x = self.layers(x)
        ^^^^^^^^^^^^^^
  File "/projects/retprogression/pytorch_cu121_env/lib/python3.12/site-packages/torch/nn/modules/module.py", line 1553, in _wrapped_call_impl
    return self._call_impl(*args, **kwargs)
           ^^^^^^^^^^^^^^^^^^^^^^^^^^^^^^^^
  File "/projects/retprogression/pytorch_cu121_env/lib/python3.12/site-packages/torch/nn/modules/module.py", line 1562, in _call_impl
    return forward_call(*args, **kwargs)
           ^^^^^^^^^^^^^^^^^^^^^^^^^^^^^
  File "/projects/retprogression/pytorch_cu121_env/lib/python3.12/site-packages/torch/nn/modules/container.py", line 219, in forward
    input = module(input)
            ^^^^^^^^^^^^^
  File "/projects/retprogression/pytorch_cu121_env/lib/python3.12/site-packages/torch/nn/modules/module.py", line 1553, in _wrapped_call_impl
    return self._call_impl(*args, **kwargs)
           ^^^^^^^^^^^^^^^^^^^^^^^^^^^^^^^^
  File "/projects/retprogression/pytorch_cu121_env/lib/python3.12/site-packages/torch/nn/modules/module.py", line 1562, in _call_impl
    return forward_call(*args, **kwargs)
           ^^^^^^^^^^^^^^^^^^^^^^^^^^^^^
  File "/projects/retprogression/pytorch_cu121_env/lib/python3.12/site-packages/timm/models/swin_transformer_v2.py", line 569, in forward
    x = blk(x)
        ^^^^^^
  File "/projects/retprogression/pytorch_cu121_env/lib/python3.12/site-packages/torch/nn/modules/module.py", line 1553, in _wrapped_call_impl
    return self._call_impl(*args, **kwargs)
           ^^^^^^^^^^^^^^^^^^^^^^^^^^^^^^^^
  File "/projects/retprogression/pytorch_cu121_env/lib/python3.12/site-packages/torch/nn/modules/module.py", line 1562, in _call_impl
    return forward_call(*args, **kwargs)
           ^^^^^^^^^^^^^^^^^^^^^^^^^^^^^
  File "/projects/retprogression/pytorch_cu121_env/lib/python3.12/site-packages/timm/models/swin_transformer_v2.py", line 410, in forward
    x = x + self.drop_path1(self.norm1(self._attn(x)))
                                       ^^^^^^^^^^^^^
  File "/projects/retprogression/pytorch_cu121_env/lib/python3.12/site-packages/timm/models/swin_transformer_v2.py", line 394, in _attn
    attn_windows = self.attn(x_windows, mask=attn_mask)  # nW*B, window_size*window_size, C
                   ^^^^^^^^^^^^^^^^^^^^^^^^^^^^^^^^^^^^
  File "/projects/retprogression/pytorch_cu121_env/lib/python3.12/site-packages/torch/nn/modules/module.py", line 1553, in _wrapped_call_impl
    return self._call_impl(*args, **kwargs)
           ^^^^^^^^^^^^^^^^^^^^^^^^^^^^^^^^
  File "/projects/retprogression/pytorch_cu121_env/lib/python3.12/site-packages/torch/nn/modules/module.py", line 1562, in _call_impl
    return forward_call(*args, **kwargs)
           ^^^^^^^^^^^^^^^^^^^^^^^^^^^^^
  File "/projects/retprogression/pytorch_cu121_env/lib/python3.12/site-packages/timm/models/swin_transformer_v2.py", line 189, in forward
    attn = attn * logit_scale
           ~~~~~^~~~~~~~~~~~~
torch.OutOfMemoryError: CUDA out of memory. Tried to allocate 12.00 GiB. GPU 0 has a total capacity of 31.74 GiB of which 9.02 GiB is free. Including non-PyTorch memory, this process has 22.72 GiB memory in use. Of the allocated memory 22.24 GiB is allocated by PyTorch, and 111.57 MiB is reserved by PyTorch but unallocated. If reserved but unallocated memory is large try setting PYTORCH_CUDA_ALLOC_CONF=expandable_segments:True to avoid fragmentation.  See documentation for Memory Management  (https://pytorch.org/docs/stable/notes/cuda.html#environment-variables)

