[1;34m[INFO][0m Starting robust prediction run at Wed Oct 29 07:59:40 AM EDT 2025
[1;34m[INFO][0m Configuration:
[1;34m[INFO][0m   Checkpoint: /projects/retprogression/rgarridogarcia/checkpoints/clean_gradable_swinv2_resolution1024_oversample50_RetinaCropped_BrightnessFilter/best_balanced_acc_model.pth
[1;34m[INFO][0m   Data directory: /projects/retprogression
[1;34m[INFO][0m   Annotations: gradable_dr_new_5k_test.csv
[1;34m[INFO][0m   Image directory: test_cropped1024_oldcentered_wt_10272025
[1;34m[INFO][0m   Output directory: /projects/retprogression/rgarridogarcia/5k_test_inference_20251029_075940
[1;34m[INFO][0m   Model: swinv2_large_window12to16_192to256.ms_in22k_ft_in1k
[1;34m[INFO][0m   Image size: 1024
[1;34m[INFO][0m   Batch size: 32
[1;34m[INFO][0m   Workers: 0
[1;34m[INFO][0m Configuration saved to /projects/retprogression/rgarridogarcia/5k_test_inference_20251029_075940/config.txt
[1;34m[INFO][0m Activating conda environment...
[1;33m[WARNING][0m CUDA not available, using CPU (this will be slow)
[1;34m[INFO][0m Running robust predictions...
[2025-10-29 08:00:02,363] INFO: Starting predictions - 2025-10-29 08:00:02
[2025-10-29 08:00:02,363] INFO: Using device: cpu
[2025-10-29 08:00:02,363] INFO: Loading model: swinv2_large_window12to16_192to256.ms_in22k_ft_in1k
[2025-10-29 08:00:11,575] INFO: Model loaded from: /projects/retprogression/rgarridogarcia/checkpoints/clean_gradable_swinv2_resolution1024_oversample50_RetinaCropped_BrightnessFilter/best_balanced_acc_model.pth
[2025-10-29 08:00:11,610] INFO: CSV loaded: 5912 rows
[2025-10-29 08:00:11,610] INFO: Columns: ['Unnamed: 0', 'ID', 'STUDY_DATE', 'LATERALITY', 'JVNDME', 'JVNDR', 'gradable_binary_DR', 'gradable_DR']
[2025-10-29 08:00:11,614] INFO: Checking file availability...
[2025-10-29 08:00:11,614] INFO: First 5 IDs from 'ID' column: [605221, 605222, 605223, 605224, 605225]
[2025-10-29 08:00:15,945] INFO: Found 5912 valid images out of 5912 total
[2025-10-29 08:00:15,949] INFO: Class distribution in valid samples:
[2025-10-29 08:00:15,950] INFO:   Class 0: 109 samples (1.8%)
[2025-10-29 08:00:15,950] INFO:   Class 1: 5803 samples (98.2%)
[2025-10-29 08:00:15,952] INFO: Running predictions on 5912 samples...
[2025-10-29 10:45:36,635] INFO: Progress: 5.4% (320/5912) | Batch: 10/185 | Speed: 0.0 samples/sec | ETA: 173364s
slurmstepd: error: *** JOB 2501570 ON c0594 CANCELLED AT 2025-10-29T11:59:42 DUE TO TIME LIMIT ***
