[2025-11-10 14:52:28,166] INFO: Starting predictions - 2025-11-10 14:52:28
[2025-11-10 14:52:28,166] INFO: Using device: cuda
[2025-11-10 14:52:28,166] INFO: Loading model: swinv2_large_window12to16_192to256.ms_in22k_ft_in1k
[2025-11-10 14:52:34,206] INFO: Model loaded from: /projects/retprogression/rgarridogarcia/checkpoints/clean_gradable_swinv2_resolution1024_oversample50_RetinaCropped_BrightnessFilter/best_balanced_acc_model.pth
[2025-11-10 14:52:34,224] INFO: CSV loaded: 4282 rows
[2025-11-10 14:52:34,224] INFO: Columns: ['Unnamed: 0', 'ID', 'gradable_binary_DR', 'JVN_PATIENT_ID']
[2025-11-10 14:52:34,228] INFO: Checking file availability...
[2025-11-10 14:52:34,228] INFO: First 5 IDs from 'ID' column: [50791, 50795, 51743, 51747, 52530]
[2025-11-10 14:52:37,549] INFO: Found 4282 valid images out of 4282 total
[2025-11-10 14:52:37,561] INFO: Class distribution in valid samples:
[2025-11-10 14:52:37,561] INFO:   Class 0: 106 samples (2.5%)
[2025-11-10 14:52:37,561] INFO:   Class 1: 4176 samples (97.5%)
[2025-11-10 14:52:37,562] INFO: Running predictions on 4282 samples...
[2025-11-10 14:52:59,920] INFO: Progress: 7.5% (320/4282) | Batch: 10/134 | Speed: 14.3 samples/sec | ETA: 277s
[2025-11-10 14:53:20,548] INFO: Progress: 14.9% (640/4282) | Batch: 20/134 | Speed: 14.9 samples/sec | ETA: 245s
[2025-11-10 14:53:41,358] INFO: Progress: 22.4% (960/4282) | Batch: 30/134 | Speed: 15.0 samples/sec | ETA: 221s
[2025-11-10 14:54:02,245] INFO: Progress: 29.9% (1280/4282) | Batch: 40/134 | Speed: 15.1 samples/sec | ETA: 199s
[2025-11-10 14:54:23,180] INFO: Progress: 37.4% (1600/4282) | Batch: 50/134 | Speed: 15.1 samples/sec | ETA: 177s
[2025-11-10 14:54:43,865] INFO: Progress: 44.8% (1920/4282) | Batch: 60/134 | Speed: 15.2 samples/sec | ETA: 155s
[2025-11-10 14:55:04,803] INFO: Progress: 52.3% (2240/4282) | Batch: 70/134 | Speed: 15.2 samples/sec | ETA: 134s
[2025-11-10 14:55:26,056] INFO: Progress: 59.8% (2560/4282) | Batch: 80/134 | Speed: 15.2 samples/sec | ETA: 113s
[2025-11-10 14:55:47,047] INFO: Progress: 67.3% (2880/4282) | Batch: 90/134 | Speed: 15.2 samples/sec | ETA: 92s
[2025-11-10 14:56:07,948] INFO: Progress: 74.7% (3200/4282) | Batch: 100/134 | Speed: 15.2 samples/sec | ETA: 71s
[2025-11-10 14:56:28,807] INFO: Progress: 82.2% (3520/4282) | Batch: 110/134 | Speed: 15.2 samples/sec | ETA: 50s
[2025-11-10 14:56:49,639] INFO: Progress: 89.7% (3840/4282) | Batch: 120/134 | Speed: 15.2 samples/sec | ETA: 29s
[2025-11-10 14:57:10,373] INFO: Progress: 97.2% (4160/4282) | Batch: 130/134 | Speed: 15.2 samples/sec | ETA: 8s
[2025-11-10 14:57:18,259] INFO: Progress: 100.0% (4282/4282) | Batch: 134/134 | Speed: 15.3 samples/sec | ETA: 0s
[2025-11-10 14:57:18,259] INFO: Predictions completed in 280.7 seconds
[2025-11-10 14:57:18,300] INFO: Predictions saved to: /projects/retprogression/rgarridogarcia/clean_dr_test_inference_20251110_145206/predictions_best_balanced_acc_model.csv
[2025-11-10 14:57:18,312] INFO: Metrics saved to: /projects/retprogression/rgarridogarcia/clean_dr_test_inference_20251110_145206/metrics_best_balanced_acc_model.csv
[2025-11-10 14:57:18,312] INFO: 
==================================================
[2025-11-10 14:57:18,312] INFO: PERFORMANCE METRICS:
[2025-11-10 14:57:18,312] INFO: ==================================================
[2025-11-10 14:57:18,312] INFO: accuracy            : 0.9157
[2025-11-10 14:57:18,312] INFO: balanced_accuracy   : 0.9246
[2025-11-10 14:57:18,312] INFO: sensitivity         : 0.9152
[2025-11-10 14:57:18,313] INFO: specificity         : 0.9340
[2025-11-10 14:57:18,313] INFO: precision           : 0.9982
[2025-11-10 14:57:18,313] INFO: f1_score            : 0.9549
[2025-11-10 14:57:18,313] INFO: auc_roc             : 0.9834
[2025-11-10 14:57:18,313] INFO: 
Confusion Matrix:
[2025-11-10 14:57:18,313] INFO:   TP=3822, FP=7
[2025-11-10 14:57:18,313] INFO:   FN=354, TN=99
[2025-11-10 14:57:18,313] INFO: 
==================================================
[2025-11-10 14:57:18,313] INFO: COMPLETED SUCCESSFULLY
[2025-11-10 14:57:18,313] INFO: ==================================================
